---
source: tui/src/bottom_pane/chat_composer.rs
expression: terminal.backend()
---
"                                                                        "
"› /tel                                                                  "
"                                                                        "
"                                                                        "
"  /teleport  continue this session in Codex Desktop                     "
